// Jest Snapshot v1, https://goo.gl/fbAQLP

exports[`DeviceCell tests snapshot 1`] = `
<View
  accessibilityComponentType={undefined}
  accessibilityLabel={undefined}
  accessibilityTraits={undefined}
  accessible={true}
  collapsable={undefined}
  hasTVPreferredFocus={undefined}
  hitSlop={undefined}
  isTVSelectable={true}
  nativeID={undefined}
  onLayout={undefined}
  onResponderGrant={[Function]}
  onResponderMove={[Function]}
  onResponderRelease={[Function]}
  onResponderTerminate={[Function]}
  onResponderTerminationRequest={[Function]}
  onStartShouldSetResponder={[Function]}
  style={
    Object {
      "opacity": 1,
    }
  }
  testID={undefined}
  tvParallaxProperties={undefined}
>
  <View
    style={
      Array [
        Object {
          "alignItems": "center",
          "borderBottomColor": "#17317c",
          "borderBottomWidth": 1,
          "flexDirection": "row",
          "height": 80,
          "justifyContent": "flex-start",
          "paddingHorizontal": 20,
          "width": 750,
        },
        Object {
          "backgroundColor": "#3366ff",
        },
      ]
    }
  >
    <View
      style={
        Object {
          "alignItems": "center",
          "backgroundColor": "white",
          "borderRadius": 50,
          "height": 20,
          "justifyContent": "center",
          "marginTop": -15,
          "width": 20,
        }
      }
    >
      <View
        style={
          Array [
            Object {
              "alignItems": "center",
              "alignSelf": "center",
              "borderRadius": 50,
              "height": 15,
              "justifyContent": "center",
              "width": 15,
            },
            Object {
              "backgroundColor": "#3366ff",
            },
          ]
        }
      />
    </View>
    <View
      style={
        Object {
          "alignItems": "flex-start",
          "flexDirection": "column",
          "justifyContent": "center",
          "marginLeft": 30,
        }
      }
    >
      <Text
        accessible={true}
        allowFontScaling={true}
        ellipsizeMode="tail"
        style={
          Object {
            "color": "white",
            "fontSize": 18,
            "fontWeight": "700",
          }
        }
      >
        deviceName
      </Text>
      <Text
        accessible={true}
        allowFontScaling={true}
        ellipsizeMode="tail"
        style={
          Object {
            "color": "white",
            "fontSize": 12,
            "fontWeight": "400",
          }
        }
      >
        via WiFi
      </Text>
    </View>
  </View>
</View>
`;
