// Jest Snapshot v1, https://goo.gl/fbAQLP

exports[`Categories tests snapshot 1`] = `
<View
  style={
    Object {
      "flex": 1,
    }
  }
>
  <RCTScrollView
    ListHeaderComponent={
      <Header
        leftIcon={
          <TouchableOpacity
            activeOpacity={0.2}
            onPress={[Function]}
            underlayColor="rgba(0, 0, 0, 0.5)"
          >
            <Icon
              allowFontScaling={false}
              color="#9E9C9C"
              name="window-close"
              size={30}
            />
          </TouchableOpacity>
        }
        rightIcon={
          <Component
            style={
              Object {
                "alignItems": "center",
                "backgroundColor": "#d6d2cf",
                "borderRadius": 50,
                "height": 30,
                "justifyContent": "center",
                "width": 30,
              }
            }
          >
            <Component
              style={
                Object {
                  "backgroundColor": "#EAEAEA",
                  "borderRadius": 50,
                  "height": 25,
                  "justifyContent": "center",
                  "width": 25,
                }
              }
            >
              <Icon
                allowFontScaling={false}
                color="white"
                name="check"
                size={18}
                style={
                  Object {
                    "alignSelf": "center",
                    "marginLeft": 3,
                  }
                }
              />
            </Component>
          </Component>
        }
      />
    }
    data={
      Array [
        Object {
          "id": "categoryID",
          "name": "categoryName",
        },
      ]
    }
    disableVirtualization={false}
    getItem={[Function]}
    getItemCount={[Function]}
    horizontal={false}
    initialNumToRender={10}
    invertStickyHeaders={undefined}
    keyExtractor={[Function]}
    maxToRenderPerBatch={10}
    numColumns={3}
    onContentSizeChange={[Function]}
    onEndReachedThreshold={2}
    onLayout={[Function]}
    onMomentumScrollEnd={[Function]}
    onScroll={[Function]}
    onScrollBeginDrag={[Function]}
    onScrollEndDrag={[Function]}
    renderItem={[Function]}
    scrollEventThrottle={50}
    stickyHeaderIndices={Array []}
    style={
      Object {
        "backgroundColor": "#ccffff",
        "height": 80,
        "width": 750,
      }
    }
    updateCellsBatchingPeriod={50}
    viewabilityConfigCallbackPairs={Array []}
    windowSize={21}
  >
    <View>
      <View
        onLayout={[Function]}
        style={null}
      >
        <View
          style={
            Array [
              Object {
                "alignItems": "center",
                "flexDirection": "row",
                "height": 60,
                "justifyContent": "space-between",
                "paddingHorizontal": 15,
              },
              undefined,
            ]
          }
        >
          <View
            accessibilityComponentType={undefined}
            accessibilityLabel={undefined}
            accessibilityTraits={undefined}
            accessible={true}
            collapsable={undefined}
            hasTVPreferredFocus={undefined}
            hitSlop={undefined}
            isTVSelectable={true}
            nativeID={undefined}
            onLayout={undefined}
            onResponderGrant={[Function]}
            onResponderMove={[Function]}
            onResponderRelease={[Function]}
            onResponderTerminate={[Function]}
            onResponderTerminationRequest={[Function]}
            onStartShouldSetResponder={[Function]}
            style={
              Object {
                "opacity": 1,
              }
            }
            testID={undefined}
            tvParallaxProperties={undefined}
          >
            <Text
              accessible={true}
              allowFontScaling={false}
              ellipsizeMode="tail"
              style={
                Array [
                  Object {
                    "color": "#9E9C9C",
                    "fontSize": 30,
                  },
                  undefined,
                  Object {
                    "fontFamily": "Material Design Icons",
                    "fontStyle": "normal",
                    "fontWeight": "normal",
                  },
                ]
              }
            >
              
            </Text>
          </View>
          <View
            style={
              Object {
                "alignItems": "center",
                "justifyContent": "center",
              }
            }
          >
            <View
              style={
                Object {
                  "alignItems": "center",
                  "backgroundColor": "rgba(0, 0, 0, .8)",
                  "borderRadius": 50,
                  "flexDirection": "row",
                  "height": 35,
                  "paddingLeft": 13,
                  "paddingRight": 15,
                }
              }
            >
              <View
                style={
                  Object {
                    "backgroundColor": "#7AFA4C",
                    "borderRadius": 50,
                    "height": 10,
                    "width": 10,
                  }
                }
              />
              <Text
                accessible={true}
                allowFontScaling={true}
                ellipsizeMode="tail"
                style={
                  Object {
                    "color": "#ffffff",
                    "marginHorizontal": 20,
                  }
                }
              >
                +/- 100m
              </Text>
            </View>
          </View>
          <View
            style={
              Object {
                "alignItems": "center",
                "backgroundColor": "#d6d2cf",
                "borderRadius": 50,
                "height": 30,
                "justifyContent": "center",
                "width": 30,
              }
            }
          >
            <View
              style={
                Object {
                  "backgroundColor": "#EAEAEA",
                  "borderRadius": 50,
                  "height": 25,
                  "justifyContent": "center",
                  "width": 25,
                }
              }
            >
              <Text
                accessible={true}
                allowFontScaling={false}
                ellipsizeMode="tail"
                style={
                  Array [
                    Object {
                      "color": "white",
                      "fontSize": 18,
                    },
                    Object {
                      "alignSelf": "center",
                      "marginLeft": 3,
                    },
                    Object {
                      "fontFamily": "Octicons",
                      "fontStyle": "normal",
                      "fontWeight": "normal",
                    },
                  ]
                }
              >
                
              </Text>
            </View>
          </View>
        </View>
      </View>
      <View
        onLayout={[Function]}
        style={null}
      >
        <View
          style={
            Array [
              Object {
                "flexDirection": "row",
              },
              undefined,
            ]
          }
        >
          <View
            accessibilityComponentType={undefined}
            accessibilityLabel={undefined}
            accessibilityTraits={undefined}
            accessible={true}
            collapsable={undefined}
            hasTVPreferredFocus={undefined}
            hitSlop={undefined}
            isTVSelectable={true}
            nativeID={undefined}
            onLayout={undefined}
            onResponderGrant={[Function]}
            onResponderMove={[Function]}
            onResponderRelease={[Function]}
            onResponderTerminate={[Function]}
            onResponderTerminationRequest={[Function]}
            onStartShouldSetResponder={[Function]}
            style={
              Object {
                "flex": 1,
                "height": 130,
                "opacity": 1,
                "paddingBottom": 20,
                "paddingTop": 20,
                "width": 250,
              }
            }
            testID={undefined}
            tvParallaxProperties={undefined}
          >
            <View
              style={
                Object {
                  "alignItems": "center",
                  "flex": 1,
                  "flexDirection": "column",
                }
              }
            >
              <Text
                accessible={true}
                allowFontScaling={true}
                ellipsizeMode="tail"
                style={
                  Object {
                    "color": "black",
                    "fontWeight": "700",
                    "maxWidth": 248,
                    "textAlign": "center",
                  }
                }
              >
                [missing "en.categories.categoryID" translation]
              </Text>
            </View>
          </View>
        </View>
      </View>
    </View>
  </RCTScrollView>
</View>
`;
