// Jest Snapshot v1, https://goo.gl/fbAQLP

exports[`ObservationEditor tests snapshot 1`] = `
<View
  enabled={true}
  keyboardVerticalOffset={0}
  onLayout={[Function]}
  style={
    Object {
      "backgroundColor": "#ffffff",
      "flex": 1,
    }
  }
>
  <View
    style={
      Array [
        Object {
          "alignItems": "center",
          "flexDirection": "row",
          "height": 60,
          "justifyContent": "space-between",
          "paddingHorizontal": 15,
        },
        Object {
          "backgroundColor": "#ccffff",
        },
      ]
    }
  >
    <View
      accessibilityComponentType={undefined}
      accessibilityLabel={undefined}
      accessibilityTraits={undefined}
      accessible={true}
      collapsable={undefined}
      hasTVPreferredFocus={undefined}
      hitSlop={undefined}
      isTVSelectable={true}
      nativeID={undefined}
      onLayout={undefined}
      onResponderGrant={[Function]}
      onResponderMove={[Function]}
      onResponderRelease={[Function]}
      onResponderTerminate={[Function]}
      onResponderTerminationRequest={[Function]}
      onStartShouldSetResponder={[Function]}
      style={
        Object {
          "opacity": 1,
        }
      }
      testID={undefined}
      tvParallaxProperties={undefined}
    >
      <Text
        accessible={true}
        allowFontScaling={false}
        ellipsizeMode="tail"
        style={
          Array [
            Object {
              "color": "#9E9C9C",
              "fontSize": 30,
            },
            undefined,
            Object {
              "fontFamily": "Material Design Icons",
              "fontStyle": "normal",
              "fontWeight": "normal",
            },
          ]
        }
      >
        
      </Text>
    </View>
    <View
      style={
        Object {
          "alignItems": "center",
          "justifyContent": "center",
        }
      }
    >
      <View
        style={
          Object {
            "alignItems": "center",
            "backgroundColor": "rgba(0, 0, 0, .8)",
            "borderRadius": 50,
            "flexDirection": "row",
            "height": 35,
            "paddingLeft": 13,
            "paddingRight": 15,
          }
        }
      >
        <View
          style={
            Object {
              "backgroundColor": "#7AFA4C",
              "borderRadius": 50,
              "height": 10,
              "width": 10,
            }
          }
        />
        <Text
          accessible={true}
          allowFontScaling={true}
          ellipsizeMode="tail"
          style={
            Object {
              "color": "#ffffff",
              "marginHorizontal": 20,
            }
          }
        >
          +/- 100m
        </Text>
      </View>
      <View
        style={
          Object {
            "backgroundColor": "transparent",
            "borderBottomColor": "rgba(0, 0, 0, .8)",
            "borderBottomWidth": 7,
            "borderLeftColor": "transparent",
            "borderLeftWidth": 7,
            "borderRightColor": "transparent",
            "borderRightWidth": 7,
            "borderStyle": "solid",
            "height": 0,
            "position": "absolute",
            "top": 35,
            "transform": Array [
              Object {
                "rotate": "180deg",
              },
            ],
            "width": 0,
          }
        }
      />
    </View>
    <View
      accessibilityComponentType={undefined}
      accessibilityLabel={undefined}
      accessibilityTraits={undefined}
      accessible={true}
      collapsable={undefined}
      hasTVPreferredFocus={undefined}
      hitSlop={undefined}
      isTVSelectable={true}
      nativeID={undefined}
      onLayout={undefined}
      onResponderGrant={[Function]}
      onResponderMove={[Function]}
      onResponderRelease={[Function]}
      onResponderTerminate={[Function]}
      onResponderTerminationRequest={[Function]}
      onStartShouldSetResponder={[Function]}
      style={
        Object {
          "alignItems": "center",
          "backgroundColor": "#ed6109",
          "borderRadius": 50,
          "height": 30,
          "justifyContent": "center",
          "opacity": 1,
          "width": 30,
        }
      }
      testID={undefined}
      tvParallaxProperties={undefined}
    >
      <View
        style={
          Object {
            "alignItems": "center",
            "backgroundColor": "#ff9933",
            "borderRadius": 50,
            "height": 25,
            "justifyContent": "center",
            "width": 25,
          }
        }
      >
        <Text
          accessible={true}
          allowFontScaling={false}
          ellipsizeMode="tail"
          style={
            Array [
              Object {
                "color": "white",
                "fontSize": 18,
              },
              Object {
                "alignSelf": "center",
                "marginLeft": 3,
              },
              Object {
                "fontFamily": "Octicons",
                "fontStyle": "normal",
                "fontWeight": "normal",
              },
            ]
          }
        >
          
        </Text>
      </View>
    </View>
  </View>
  <View
    style={
      Object {
        "alignItems": "center",
        "backgroundColor": "#ccffff",
        "justifyContent": "center",
        "paddingBottom": 10,
      }
    }
  >
    <View
      accessibilityComponentType={undefined}
      accessibilityLabel={undefined}
      accessibilityTraits={undefined}
      accessible={true}
      collapsable={undefined}
      hasTVPreferredFocus={undefined}
      hitSlop={undefined}
      isTVSelectable={true}
      nativeID={undefined}
      onLayout={undefined}
      onResponderGrant={[Function]}
      onResponderMove={[Function]}
      onResponderRelease={[Function]}
      onResponderTerminate={[Function]}
      onResponderTerminationRequest={[Function]}
      onStartShouldSetResponder={[Function]}
      style={
        Object {
          "opacity": 1,
        }
      }
      testID={undefined}
      tvParallaxProperties={undefined}
    >
      <View
        style={
          Object {
            "alignItems": "center",
            "backgroundColor": "white",
            "borderColor": "#EAEAEA",
            "borderRadius": 50,
            "borderWidth": 1,
            "elevation": 3,
            "height": 60,
            "justifyContent": "center",
            "marginVertical": 5,
            "shadowColor": "black",
            "shadowOffset": Object {
              "height": 2,
              "width": 0,
            },
            "shadowOpacity": 1,
            "shadowRadius": 10,
            "width": 60,
          }
        }
      >
        <Image
          resizeMode="contain"
          source={
            Object {
              "testUri": "../../../src/images/categories/category_18.png",
            }
          }
          style={
            Object {
              "height": 30,
              "width": 30,
            }
          }
        />
      </View>
    </View>
    <View
      style={
        Object {
          "flexDirection": "row",
          "marginTop": 5,
        }
      }
    >
      <Text
        accessible={true}
        allowFontScaling={false}
        ellipsizeMode="tail"
        style={
          Array [
            Object {
              "color": "#ff9933",
              "fontSize": 15,
            },
            undefined,
            Object {
              "fontFamily": "Entypo",
              "fontStyle": "normal",
              "fontWeight": "normal",
            },
          ]
        }
      >
        
      </Text>
      <Text
        accessible={true}
        allowFontScaling={true}
        ellipsizeMode="tail"
        style={
          Object {
            "color": "black",
            "fontSize": 12,
            "fontWeight": "700",
            "marginLeft": 3,
          }
        }
      >
        50.5, 50.5
      </Text>
    </View>
  </View>
  <RCTScrollView>
    <View>
      <TextInput
        allowFontScaling={true}
        autoFocus={true}
        autoGrow={true}
        multiline={true}
        onBlur={[Function]}
        onChangeText={[Function]}
        onContentSizeChange={[Function]}
        onFocus={[Function]}
        placeholder="What's happening here?"
        placeholderTextColor="silver"
        style={
          Array [
            Object {
              "alignItems": "flex-start",
              "backgroundColor": "white",
              "borderColor": "#EAEAEA",
              "color": "black",
              "fontSize": 20,
              "justifyContent": "flex-start",
              "padding": 20,
              "paddingBottom": 30,
              "textAlignVertical": "top",
            },
          ]
        }
        underlineColorAndroid="transparent"
        value="This is pretty bad. It smells pretty noxious, and the entire pond is affected."
      />
    </View>
  </RCTScrollView>
  <View
    style={
      Object {
        "borderColor": "#EAEAEA",
        "borderTopWidth": 1,
      }
    }
  >
    <View>
      <View
        accessibilityComponentType={undefined}
        accessibilityLabel={undefined}
        accessibilityTraits={undefined}
        accessible={true}
        collapsable={undefined}
        hasTVPreferredFocus={undefined}
        hitSlop={undefined}
        isTVSelectable={true}
        nativeID={undefined}
        onLayout={undefined}
        onResponderGrant={[Function]}
        onResponderMove={[Function]}
        onResponderRelease={[Function]}
        onResponderTerminate={[Function]}
        onResponderTerminationRequest={[Function]}
        onStartShouldSetResponder={[Function]}
        style={
          Object {
            "alignSelf": "stretch",
            "backgroundColor": "#ffffff",
            "borderBottomWidth": 1,
            "borderColor": "#EAEAEA",
            "height": 60,
            "justifyContent": "center",
            "opacity": 1,
          }
        }
        testID={undefined}
        tvParallaxProperties={undefined}
      >
        <View
          style={
            Object {
              "flexDirection": "row",
            }
          }
        >
          <Text
            accessible={true}
            allowFontScaling={false}
            ellipsizeMode="tail"
            style={
              Array [
                Object {
                  "color": "#666666",
                  "fontSize": 30,
                },
                Object {
                  "marginHorizontal": 30,
                },
                Object {
                  "fontFamily": "Material Icons",
                  "fontStyle": "normal",
                  "fontWeight": "normal",
                },
              ]
            }
          >
            
          </Text>
          <Text
            accessible={true}
            allowFontScaling={true}
            ellipsizeMode="tail"
            style={
              Object {
                "color": "black",
                "fontSize": 20,
                "fontWeight": "700",
              }
            }
          >
            Photos & Videos
          </Text>
        </View>
      </View>
      <View
        accessibilityComponentType={undefined}
        accessibilityLabel={undefined}
        accessibilityTraits={undefined}
        accessible={true}
        collapsable={undefined}
        hasTVPreferredFocus={undefined}
        hitSlop={undefined}
        isTVSelectable={true}
        nativeID={undefined}
        onLayout={undefined}
        onResponderGrant={[Function]}
        onResponderMove={[Function]}
        onResponderRelease={[Function]}
        onResponderTerminate={[Function]}
        onResponderTerminationRequest={[Function]}
        onStartShouldSetResponder={[Function]}
        style={
          Object {
            "alignSelf": "stretch",
            "backgroundColor": "#ffffff",
            "borderBottomWidth": 1,
            "borderColor": "#EAEAEA",
            "height": 60,
            "justifyContent": "center",
            "opacity": 1,
          }
        }
        testID={undefined}
        tvParallaxProperties={undefined}
      >
        <View
          style={
            Object {
              "flexDirection": "row",
            }
          }
        >
          <Image
            source={
              Object {
                "testUri": "../../../src/images/editor-details.png",
              }
            }
            style={
              Object {
                "height": 25,
                "marginLeft": 34,
                "marginRight": 31,
                "width": 25,
              }
            }
          />
          <Text
            accessible={true}
            allowFontScaling={true}
            ellipsizeMode="tail"
            style={
              Object {
                "color": "black",
                "fontSize": 20,
                "fontWeight": "700",
              }
            }
          >
            Details
          </Text>
        </View>
      </View>
    </View>
  </View>
</View>
`;
