// Jest Snapshot v1, https://goo.gl/fbAQLP

exports[`Position tests snapshots 1`] = `
<RCTScrollView
  style={
    Object {
      "backgroundColor": "#333333",
      "flex": 1,
      "flexDirection": "column",
    }
  }
>
  <View>
    <View
      style={
        Object {
          "flexDirection": "row",
          "height": 60,
          "paddingTop": 15,
        }
      }
    >
      <View
        accessibilityComponentType={undefined}
        accessibilityLabel={undefined}
        accessibilityTraits={undefined}
        accessible={true}
        collapsable={undefined}
        hasTVPreferredFocus={undefined}
        hitSlop={undefined}
        isTVSelectable={true}
        nativeID={undefined}
        onLayout={undefined}
        onResponderGrant={[Function]}
        onResponderMove={[Function]}
        onResponderRelease={[Function]}
        onResponderTerminate={[Function]}
        onResponderTerminationRequest={[Function]}
        onStartShouldSetResponder={[Function]}
        style={
          Object {
            "marginHorizontal": 15,
            "marginTop": 3,
            "opacity": 1,
          }
        }
        testID={undefined}
        tvParallaxProperties={undefined}
      >
        <Text
          accessible={true}
          allowFontScaling={false}
          ellipsizeMode="tail"
          style={
            Array [
              Object {
                "color": "gray",
                "fontSize": 25,
              },
              undefined,
              Object {
                "fontFamily": "Material Icons",
                "fontStyle": "normal",
                "fontWeight": "normal",
              },
            ]
          }
        >
          
        </Text>
      </View>
      <Text
        accessible={true}
        allowFontScaling={true}
        ellipsizeMode="tail"
        style={
          Object {
            "alignItems": "center",
            "color": "#EAEAEA",
            "flex": 1,
            "fontSize": 20,
            "fontWeight": "700",
            "textAlign": "center",
          }
        }
      >
        Posicíon
      </Text>
      <View
        accessibilityComponentType={undefined}
        accessibilityLabel={undefined}
        accessibilityTraits={undefined}
        accessible={true}
        collapsable={undefined}
        hasTVPreferredFocus={undefined}
        hitSlop={undefined}
        isTVSelectable={true}
        nativeID={undefined}
        onLayout={undefined}
        onResponderGrant={[Function]}
        onResponderMove={[Function]}
        onResponderRelease={[Function]}
        onResponderTerminate={[Function]}
        onResponderTerminationRequest={[Function]}
        onStartShouldSetResponder={[Function]}
        style={
          Object {
            "backgroundColor": "#ff9933",
            "borderRadius": 15,
            "height": 30,
            "marginRight": 15,
            "opacity": 1,
            "width": 45,
          }
        }
        testID={undefined}
        tvParallaxProperties={undefined}
      >
        <Text
          accessible={true}
          allowFontScaling={false}
          ellipsizeMode="tail"
          style={
            Array [
              Object {
                "color": "white",
                "fontSize": 25,
              },
              Object {
                "alignSelf": "center",
                "justifyContent": "center",
                "marginTop": 2,
              },
              Object {
                "fontFamily": "Feather",
                "fontStyle": "normal",
                "fontWeight": "normal",
              },
            ]
          }
        >
          
        </Text>
      </View>
    </View>
    <View
      style={
        Object {
          "alignItems": "center",
          "backgroundColor": "transparent",
          "height": 200,
        }
      }
    >
      <Text
        accessible={true}
        allowFontScaling={true}
        ellipsizeMode="tail"
        style={
          Object {
            "backgroundColor": "#333333",
            "borderRadius": 20,
            "color": "white",
            "fontWeight": "700",
            "marginTop": 15,
            "paddingVertical": 10,
            "textAlign": "center",
            "width": 150,
            "zIndex": 5,
          }
        }
      >
        GPS: Fuerte
      </Text>
      <Image
        source={
          Object {
            "testUri": "../../../src/images/confirm-position.png",
          }
        }
        style={
          Object {
            "alignSelf": "stretch",
            "flex": 1,
            "height": 200,
            "position": "absolute",
            "width": 750,
          }
        }
      />
      <Image
        source={
          Object {
            "testUri": "../../../src/images/position.png",
          }
        }
        style={
          Object {
            "height": 47,
            "marginTop": 20,
            "width": 40,
            "zIndex": 5,
          }
        }
      />
    </View>
    <View
      style={
        Object {
          "margin": 15,
        }
      }
    >
      <Text
        accessible={true}
        allowFontScaling={true}
        ellipsizeMode="tail"
        style={
          Object {
            "color": "#EAEAEA",
            "fontSize": 12,
            "fontWeight": "700",
            "marginBottom": 10,
          }
        }
      >
        Tu posicíon
      </Text>
      <TextInput
        allowFontScaling={true}
        onChangeText={[Function]}
        placeholderTextColor="#666666"
        style={
          Object {
            "alignItems": "flex-start",
            "backgroundColor": "#1F1F1F",
            "color": "#ffffff",
            "fontSize": 20,
            "fontWeight": "700",
            "justifyContent": "flex-start",
            "marginBottom": 15,
            "padding": 20,
          }
        }
        underlineColorAndroid="#1F1F1F"
        value="50.5, 50.5"
      />
      <Text
        accessible={true}
        allowFontScaling={true}
        ellipsizeMode="tail"
        style={
          Object {
            "color": "#EAEAEA",
            "fontSize": 12,
            "fontWeight": "700",
            "marginBottom": 10,
          }
        }
      >
        ?Qué tan lejos está la observación?
      </Text>
      <TextInput
        allowFontScaling={true}
        onChangeText={[Function]}
        placeholder="Por ejemplo: 20 metros"
        placeholderTextColor="#666666"
        style={
          Object {
            "alignItems": "flex-start",
            "backgroundColor": "#1F1F1F",
            "color": "#ffffff",
            "fontSize": 20,
            "fontWeight": "700",
            "justifyContent": "flex-start",
            "marginBottom": 15,
            "padding": 20,
          }
        }
        underlineColorAndroid="#1F1F1F"
        value=""
      />
      <Text
        accessible={true}
        allowFontScaling={true}
        ellipsizeMode="tail"
        style={
          Object {
            "color": "#EAEAEA",
            "fontSize": 12,
            "fontWeight": "700",
            "marginBottom": 10,
          }
        }
      >
        Cerce de...
      </Text>
      <View
        style={
          Object {
            "borderColor": "#1F1F1F",
            "borderWidth": 2,
          }
        }
      >
        <TextInput
          allowFontScaling={true}
          style={
            Object {
              "color": "#ffffff",
              "flex": 1,
              "fontSize": 20,
              "fontWeight": "700",
              "padding": 20,
            }
          }
          underlineColorAndroid="#333333"
          value="Sinangoe"
        />
      </View>
    </View>
  </View>
</RCTScrollView>
`;
